          
   ERROR  
          
  Semantic capture: offline restore: semanticrun: process failed: exit status 1: Determining projects to restore...   
  /Users/zakkeown/Code/moedex/.local/fresh-paths/Sample-ForkJoint-capture-v1/workspace/semantic-git-projection-       
  560891766/source/src/ForkJoint.Contracts/ForkJoint.Contracts.csproj : error NU1101: Unable to find package          
  Microsoft.NETCore.App.Ref. No packages exist with this id in source(s): /Users/zakkeown/Code/moedex/.local/fresh-   
  paths/Sample-ForkJoint-capture-v1/workspace/empty-feed [/Users/zakkeown/Code/moedex/.local/fresh-paths/Sample-      
  ForkJoint-capture-v1/workspace/semantic-git-projection-560891766/source/src/ForkJoint.Api/ForkJoint.Api.csproj]     
  /Users/zakkeown/Code/moedex/.local/fresh-paths/Sample-ForkJoint-capture-v1/workspace/semantic-git-projection-       
  560891766/source/src/ForkJoint.Contracts/ForkJoint.Contracts.csproj : error NU1101: Unable to find package          
  Microsoft.AspNetCore.App.Ref. No packages exist with this id in source(s): /Users/zakkeown/Code/moedex/.local/fresh-
  paths/Sample-ForkJoint-capture-v1/workspace/empty-feed [/Users/zakkeown/Code/moedex/.local/fresh-paths/Sample-      
  ForkJoint-capture-v1/workspace/semantic-git-projection-560891766/source/src/ForkJoint.Api/ForkJoint.Api.csproj]     
  Failed to restore /Users/zakkeown/Code/moedex/.local/fresh-paths/Sample-ForkJoint-capture-v1/workspace/semantic-git-
  projection-560891766/source/src/ForkJoint.Contracts/ForkJoint.Contracts.csproj (in 55 ms).                          
  /Users/zakkeown/Code/moedex/.local/fresh-paths/Sample-ForkJoint-capture-v1/workspace/semantic-git-projection-       
  560891766/source/src/ForkJoint.Api/ForkJoint.Api.csproj : error NU1101: Unable to find package                      
  Microsoft.NETCore.App.Ref. No packages exist with this id in source(s): /Users/zakkeown/Code/moedex/.local/fresh-   
  paths/Sample-ForkJoint-capture-v1/workspace/empty-feed /Users/zakkeown/Code/moedex/.local/fresh-paths/Sample-       
  ForkJoint-capture-v1/workspace/semantic-git-projection-560891766/source/src/ForkJoint.Api/ForkJoint.Api.csproj :    
  error NU1101: Unable to find package Microsoft.AspNetCore.App.Ref. No packages exist with this id in source(s):     
  /Users/zakkeown/Code/moedex/.local/fresh-paths/Sample-ForkJoint-capture-v1/workspace/empty-feed                     
  /Users/zakkeown/Code/moedex/.local/fresh-paths/Sample-ForkJoint-capture-v1/workspace/semantic-git-projection-       
  560891766/source/src/ForkJoint.Api/ForkJoint.Api.csproj : error NU1101: Unable to find package                      
  Microsoft.NETCore.App.Host.osx-arm64. No packages exist with this id in source(s):                                  
  /Users/zakkeown/Code/moedex/.local/fresh-paths/Sample-ForkJoint-capture-v1/workspace/empty-feed Failed to restore   
  /Users/zakkeown/Code/moedex/.local/fresh-paths/Sample-ForkJoint-capture-v1/workspace/semantic-git-projection-       
  560891766/source/src/ForkJoint.Api/ForkJoint.Api.csproj (in 90 ms)..                                                

