Traceback (most recent call last):
  File "/Users/zakkeown/Code/moedex/research/semantic-intelligence/check-project-capture.py", line 106, in <module>
    main()
    ~~~~^^
  File "/Users/zakkeown/Code/moedex/research/semantic-intelligence/check-project-capture.py", line 94, in main
    run('publish', [a.moe, 'index', 'snapshot', 'build', '--corpus', corpus,
    ~~~^^^^^^^^^^^^^^^^^^^^^^^^^^^^^^^^^^^^^^^^^^^^^^^^^^^^^^^^^^^^^^^^^^^^^
                    '--index-dir', a.output/'index', '--id', 'independent-project',
                    ^^^^^^^^^^^^^^^^^^^^^^^^^^^^^^^^^^^^^^^^^^^^^^^^^^^^^^^^^^^^^^^
                    '--graph=false', '--semantic-artifact', artifact,
                    ^^^^^^^^^^^^^^^^^^^^^^^^^^^^^^^^^^^^^^^^^^^^^^^^^
                    '--semantic-workspaces', mapping])
                    ^^^^^^^^^^^^^^^^^^^^^^^^^^^^^^^^^^
  File "/Users/zakkeown/Code/moedex/research/semantic-intelligence/check-project-capture.py", line 65, in run
    result.check_returncode()
    ~~~~~~~~~~~~~~~~~~~~~~~^^
  File "/opt/homebrew/Cellar/python@3.14/3.14.7/Frameworks/Python.framework/Versions/3.14/lib/python3.14/subprocess.py", line 509, in check_returncode
    raise CalledProcessError(self.returncode, self.args, self.stdout,
                             self.stderr)
subprocess.CalledProcessError: Command '['/Users/zakkeown/Code/moedex/.local/response-di/moedex', 'index', 'snapshot', 'build', '--corpus', '/Users/zakkeown/Code/moedex/.local/response-di/ForkJoint/corpus', '--index-dir', '/Users/zakkeown/Code/moedex/.local/response-di/ForkJoint/index', '--id', 'independent-project', '--graph=false', '--semantic-artifact', '/Users/zakkeown/Code/moedex/.local/response-di/ForkJoint/project.semantic', '--semantic-workspaces', '/Users/zakkeown/Code/moedex/.local/response-di/ForkJoint/roots.json']' returned non-zero exit status 1.
