{
  "classification": "post_pilot_native_source_only_regression_not_agent_run",
  "passed": true,
  "calls": 14,
  "response_bytes": 12609,
  "corpus_fingerprint": "c08c410b6f87d0fb57705d2e42bc232af92a29cc4c27aaf8a3a1a8b926b94434",
  "checks": [
    {
      "tool": "list_repos",
      "expected_graph_unavailable": false,
      "response_sha256": "0871b4f420fb9cc53337d30adb6a8fa6dbdb6c358406a2c8cb376699fdc8d703",
      "bytes": 362
    },
    {
      "tool": "read_source",
      "expected_graph_unavailable": false,
      "response_sha256": "747ef4f3b3e61a84f73ae3e535492daed50c7c02f7ab29943a590fb39a0d8a0e",
      "bytes": 727
    },
    {
      "tool": "file_tree",
      "expected_graph_unavailable": false,
      "response_sha256": "af6a94be277370ebf97cafb114d9cd5ad22e34efdd783f791d4ef51a4bd5b891",
      "bytes": 554
    },
    {
      "tool": "list_symbols",
      "expected_graph_unavailable": false,
      "response_sha256": "586971a6ebe19d6518db4598f9c24744201293594ed513d53baa1222d2cc4936",
      "bytes": 1609
    },
    {
      "tool": "search_context",
      "expected_graph_unavailable": false,
      "response_sha256": "63566cc6b29311ba168c4b9769ade3b940c2ebd7b1b0c3ec1da3559805aeaa37",
      "bytes": 5176
    },
    {
      "tool": "graph_schema",
      "expected_graph_unavailable": true,
      "response_sha256": "c668f39602d51c9448da5e8c72f14c8e7b780b96ec1d35b65e4116cc539b2723",
      "bytes": 464
    },
    {
      "tool": "graph_neighbors",
      "expected_graph_unavailable": true,
      "response_sha256": "cb428e31c4272775186ce0191c572dbb9377a05760bbf2f51f4d7b1091ccd99a",
      "bytes": 464
    },
    {
      "tool": "list_clusters",
      "expected_graph_unavailable": true,
      "response_sha256": "b371d417beaf8cfb7e4958b49f50d2e0e753756bd4ceb6bc342b6353e1390365",
      "bytes": 464
    },
    {
      "tool": "impact_analysis",
      "expected_graph_unavailable": true,
      "response_sha256": "2afdc1b75199f85d79ebcaf8bab42b97661ae8d55cfca5b85aa1ca4abd1254aa",
      "bytes": 464
    },
    {
      "tool": "trace_calls",
      "expected_graph_unavailable": true,
      "response_sha256": "8e60267505d256efb18ac6a197f0544322e36e28ea1f773a6d91f85877aac8ac",
      "bytes": 465
    },
    {
      "tool": "trace_consumers",
      "expected_graph_unavailable": true,
      "response_sha256": "9d9d39dbdae501293a8a8ff86e7572271633b8ee1e5e35ca35f35a1b1c780ca0",
      "bytes": 465
    },
    {
      "tool": "trace_hierarchy",
      "expected_graph_unavailable": true,
      "response_sha256": "0890a7d609e6127ff977c90af2e499289aab8cab752bb5adbc4c7b4a6b7a6b7b",
      "bytes": 465
    },
    {
      "tool": "trace_queries",
      "expected_graph_unavailable": true,
      "response_sha256": "8c220ac20a1165e1e240dbc39adece5c02c2c48ea49fd5cf7524e78c0fc47e71",
      "bytes": 465
    },
    {
      "tool": "trace_renders",
      "expected_graph_unavailable": true,
      "response_sha256": "a4a62b17146cfee059ed47c5acc548ea6a9fad8c6c8fcdc2b49c8b6e78162def",
      "bytes": 465
    }
  ]
}
