
Welcome to .NET 10.0!
---------------------
SDK Version: 10.0.100

Telemetry
---------
The .NET tools collect usage data in order to help us improve your experience. It is collected by Microsoft and shared with the community. You can opt-out of telemetry by setting the DOTNET_CLI_TELEMETRY_OPTOUT environment variable to '1' or 'true' using your favorite shell.

Read more about .NET CLI Tools telemetry: https://aka.ms/dotnet-cli-telemetry

----------------
Installed an ASP.NET Core HTTPS development certificate.
To trust the certificate, run 'dotnet dev-certs https --trust'
Learn about HTTPS: https://aka.ms/dotnet-https

----------------
Write your first app: https://aka.ms/dotnet-hello-world
Find out what's new: https://aka.ms/dotnet-whats-new
Explore documentation: https://aka.ms/dotnet-docs
Report issues and find source on GitHub: https://github.com/dotnet/core
Use 'dotnet --help' to see available commands or visit: https://aka.ms/dotnet-cli
--------------------------------------------------------------------------------------
  Determining projects to restore...
  Restored /Users/zakkeown/Code/moedex/.local/build-event-severity/pinned-worker/Moedex.SemanticWorker.csproj (in 143 ms).
/Users/zakkeown/Code/moedex/.local/build-event-severity/pinned-worker/BuildDiagnostics.cs(52,34): error CS1061: 'BinaryLogReplayEventSource' does not contain a definition for 'FormatVersionMismatchWarning' and no accessible extension method 'FormatVersionMismatchWarning' accepting a first argument of type 'BinaryLogReplayEventSource' could be found (are you missing a using directive or an assembly reference?) [/Users/zakkeown/Code/moedex/.local/build-event-severity/pinned-worker/Moedex.SemanticWorker.csproj]

Build FAILED.

/Users/zakkeown/Code/moedex/.local/build-event-severity/pinned-worker/BuildDiagnostics.cs(52,34): error CS1061: 'BinaryLogReplayEventSource' does not contain a definition for 'FormatVersionMismatchWarning' and no accessible extension method 'FormatVersionMismatchWarning' accepting a first argument of type 'BinaryLogReplayEventSource' could be found (are you missing a using directive or an assembly reference?) [/Users/zakkeown/Code/moedex/.local/build-event-severity/pinned-worker/Moedex.SemanticWorker.csproj]
    0 Warning(s)
    1 Error(s)

Time Elapsed 00:00:01.75
