MSBuild version 17.11.3+0c8610977 for .NET
Build started 10/1/2026 6:28:14 PM.
Project "/Users/zakkeown/Code/moedex/.local/mediatr-scan/endpoint/Fixture.csproj" on node 1 (Restore target(s)).
_GetAllRestoreProjectPathItems:
  Determining projects to restore...
Restore:
  X.509 certificate chain validation will use the fallback certificate bundle at '/Users/zakkeown/Code/moedex/.local/application-impact/independent/dotnet8/sdk/8.0.400/trustedroots/codesignctl.pem'.
  X.509 certificate chain validation will use the fallback certificate bundle at '/Users/zakkeown/Code/moedex/.local/application-impact/independent/dotnet8/sdk/8.0.400/trustedroots/timestampctl.pem'.
  Restoring packages for /Users/zakkeown/Code/moedex/.local/mediatr-scan/endpoint/Fixture.csproj...
  Generating MSBuild file /Users/zakkeown/Code/moedex/.local/mediatr-scan/endpoint/obj/Fixture.csproj.nuget.g.props.
  Generating MSBuild file /Users/zakkeown/Code/moedex/.local/mediatr-scan/endpoint/obj/Fixture.csproj.nuget.g.targets.
  Writing assets file to disk. Path: /Users/zakkeown/Code/moedex/.local/mediatr-scan/endpoint/obj/project.assets.json
  Restored /Users/zakkeown/Code/moedex/.local/mediatr-scan/endpoint/Fixture.csproj (in 28 ms).
  
  NuGet Config files used:
      /Users/zakkeown/Code/moedex/.local/mediatr-scan/endpoint/NuGet.Config
      /Users/zakkeown/.nuget/NuGet/NuGet.Config
Done Building Project "/Users/zakkeown/Code/moedex/.local/mediatr-scan/endpoint/Fixture.csproj" (Restore target(s)).

Build succeeded.
    0 Warning(s)
    0 Error(s)

Time Elapsed 00:00:00.33
PASS: seven endpoint configurations, fifteen exclusions, incomplete suppression
