[
  {
    "name": "debug",
    "argv": [
      "/Users/zakkeown/Code/moedex/.local/project-analyzers/moedex",
      "semantic",
      "capture",
      "--checkout",
      "/Users/zakkeown/Code/moedex/.local/project-analyzers/fixture/corpus/Fixture",
      "--repo",
      "Fixture",
      "--commit",
      "32584e15bb3d146b2d4094b844f7d4bf96feee57",
      "--origin",
      "https://example.com/Fixture.git",
      "--project",
      "App/App.csproj",
      "--framework",
      "net10.0",
      "--configuration",
      "Debug",
      "--dotnet",
      "/Users/zakkeown/Code/moedex/.local/holdout-cleanarchitecture/dotnet/dotnet",
      "--sdk-path",
      "/Users/zakkeown/Code/moedex/.local/holdout-cleanarchitecture/dotnet/sdk/10.0.401",
      "--worker",
      "/Users/zakkeown/Code/moedex/.local/project-analyzers/worker/bin/Debug/net10.0/Moedex.SemanticWorker.dll",
      "--dependency-bundle",
      "/Users/zakkeown/Code/moedex/.local/holdout-quartz/bundle",
      "--restore-offline",
      "--workspace",
      "/Users/zakkeown/Code/moedex/.local/project-analyzers/fixture/debug/workspace",
      "--output",
      "/Users/zakkeown/Code/moedex/.local/project-analyzers/fixture/debug/project.semantic",
      "--timeout",
      "2m"
    ],
    "returncode": 0,
    "generated_value": 42,
    "analyzer_hash_verified": true,
    "publication": true,
    "tampered_analyzer_rejected": true,
    "artifact_sha256": "30acb6eda8e0e20d90c248901d22d5e0ac6803bc1fd4172e3263861b344b4e93"
  },
  {
    "name": "release",
    "argv": [
      "/Users/zakkeown/Code/moedex/.local/project-analyzers/moedex",
      "semantic",
      "capture",
      "--checkout",
      "/Users/zakkeown/Code/moedex/.local/project-analyzers/fixture/corpus/Fixture",
      "--repo",
      "Fixture",
      "--commit",
      "30228c667f6b683acfb2801c432657d881fbca11",
      "--origin",
      "https://example.com/Fixture.git",
      "--project",
      "App/App.csproj",
      "--framework",
      "net10.0",
      "--configuration",
      "Release",
      "--dotnet",
      "/Users/zakkeown/Code/moedex/.local/holdout-cleanarchitecture/dotnet/dotnet",
      "--sdk-path",
      "/Users/zakkeown/Code/moedex/.local/holdout-cleanarchitecture/dotnet/sdk/10.0.401",
      "--worker",
      "/Users/zakkeown/Code/moedex/.local/project-analyzers/worker/bin/Debug/net10.0/Moedex.SemanticWorker.dll",
      "--dependency-bundle",
      "/Users/zakkeown/Code/moedex/.local/holdout-quartz/bundle",
      "--restore-offline",
      "--workspace",
      "/Users/zakkeown/Code/moedex/.local/project-analyzers/fixture/release/workspace",
      "--output",
      "/Users/zakkeown/Code/moedex/.local/project-analyzers/fixture/release/project.semantic",
      "--timeout",
      "2m"
    ],
    "returncode": 0,
    "generated_value": 84,
    "analyzer_hash_verified": true,
    "publication": true,
    "tampered_analyzer_rejected": true,
    "artifact_sha256": "b6d01125304e8267b362669a9777cb83a4a5facaf9932c2be8f09050b59384d1"
  },
  {
    "name": "broken-generator",
    "argv": [
      "/Users/zakkeown/Code/moedex/.local/project-analyzers/moedex",
      "semantic",
      "capture",
      "--checkout",
      "/Users/zakkeown/Code/moedex/.local/project-analyzers/fixture/corpus/Fixture",
      "--repo",
      "Fixture",
      "--commit",
      "ce287cfdbf3845f2ae8cb239a709000c2b1b416a",
      "--origin",
      "https://example.com/Fixture.git",
      "--project",
      "App/App.csproj",
      "--framework",
      "net10.0",
      "--configuration",
      "Debug",
      "--dotnet",
      "/Users/zakkeown/Code/moedex/.local/holdout-cleanarchitecture/dotnet/dotnet",
      "--sdk-path",
      "/Users/zakkeown/Code/moedex/.local/holdout-cleanarchitecture/dotnet/sdk/10.0.401",
      "--worker",
      "/Users/zakkeown/Code/moedex/.local/project-analyzers/worker/bin/Debug/net10.0/Moedex.SemanticWorker.dll",
      "--dependency-bundle",
      "/Users/zakkeown/Code/moedex/.local/holdout-quartz/bundle",
      "--restore-offline",
      "--workspace",
      "/Users/zakkeown/Code/moedex/.local/project-analyzers/fixture/broken-generator/workspace",
      "--output",
      "/Users/zakkeown/Code/moedex/.local/project-analyzers/fixture/broken-generator/project.semantic",
      "--timeout",
      "2m"
    ],
    "returncode": 1
  },
  {
    "name": "missing-analyzer",
    "argv": [
      "/Users/zakkeown/Code/moedex/.local/project-analyzers/moedex",
      "semantic",
      "capture",
      "--checkout",
      "/Users/zakkeown/Code/moedex/.local/project-analyzers/fixture/corpus/Fixture",
      "--repo",
      "Fixture",
      "--commit",
      "2ab0d7b85bc90fe3474c8ae8ee83e974d88775d0",
      "--origin",
      "https://example.com/Fixture.git",
      "--project",
      "App/App.csproj",
      "--framework",
      "net10.0",
      "--configuration",
      "Debug",
      "--dotnet",
      "/Users/zakkeown/Code/moedex/.local/holdout-cleanarchitecture/dotnet/dotnet",
      "--sdk-path",
      "/Users/zakkeown/Code/moedex/.local/holdout-cleanarchitecture/dotnet/sdk/10.0.401",
      "--worker",
      "/Users/zakkeown/Code/moedex/.local/project-analyzers/worker/bin/Debug/net10.0/Moedex.SemanticWorker.dll",
      "--dependency-bundle",
      "/Users/zakkeown/Code/moedex/.local/holdout-quartz/bundle",
      "--restore-offline",
      "--workspace",
      "/Users/zakkeown/Code/moedex/.local/project-analyzers/fixture/missing-analyzer/workspace",
      "--output",
      "/Users/zakkeown/Code/moedex/.local/project-analyzers/fixture/missing-analyzer/project.semantic",
      "--timeout",
      "2m"
    ],
    "returncode": 1
  }
]
