[
  {
    "name": "debug",
    "argv": [
      "/Users/zakkeown/Code/moedex/.local/project-analyzers/moedex",
      "semantic",
      "capture",
      "--checkout",
      "/Users/zakkeown/Code/moedex/.local/project-analyzers/fixture-multi/corpus/Fixture",
      "--repo",
      "Fixture",
      "--commit",
      "e9bc899a55ac88cbb95c2c9dfb433801015cc7fb",
      "--origin",
      "https://example.com/Fixture.git",
      "--project",
      "App/App.csproj",
      "--framework",
      "net10.0",
      "--configuration",
      "Debug",
      "--dotnet",
      "/Users/zakkeown/Code/moedex/.local/holdout-cleanarchitecture/dotnet/dotnet",
      "--sdk-path",
      "/Users/zakkeown/Code/moedex/.local/holdout-cleanarchitecture/dotnet/sdk/10.0.401",
      "--worker",
      "/Users/zakkeown/Code/moedex/.local/project-analyzers/worker/bin/Debug/net10.0/Moedex.SemanticWorker.dll",
      "--dependency-bundle",
      "/Users/zakkeown/Code/moedex/.local/holdout-quartz/bundle",
      "--restore-offline",
      "--workspace",
      "/Users/zakkeown/Code/moedex/.local/project-analyzers/fixture-multi/debug/workspace",
      "--output",
      "/Users/zakkeown/Code/moedex/.local/project-analyzers/fixture-multi/debug/project.semantic",
      "--timeout",
      "2m"
    ],
    "returncode": 0,
    "generated_value": 42,
    "analyzer_hash_verified": true,
    "publication": true,
    "tampered_analyzer_rejected": true,
    "artifact_sha256": "44c44159ba4144fcf5df5351506337908859a5c5c9d22be27c8e3881d465bc2b"
  },
  {
    "name": "release",
    "argv": [
      "/Users/zakkeown/Code/moedex/.local/project-analyzers/moedex",
      "semantic",
      "capture",
      "--checkout",
      "/Users/zakkeown/Code/moedex/.local/project-analyzers/fixture-multi/corpus/Fixture",
      "--repo",
      "Fixture",
      "--commit",
      "35760e981abe21eaa2694ba1643088dc38c6d62f",
      "--origin",
      "https://example.com/Fixture.git",
      "--project",
      "App/App.csproj",
      "--framework",
      "net10.0",
      "--configuration",
      "Release",
      "--dotnet",
      "/Users/zakkeown/Code/moedex/.local/holdout-cleanarchitecture/dotnet/dotnet",
      "--sdk-path",
      "/Users/zakkeown/Code/moedex/.local/holdout-cleanarchitecture/dotnet/sdk/10.0.401",
      "--worker",
      "/Users/zakkeown/Code/moedex/.local/project-analyzers/worker/bin/Debug/net10.0/Moedex.SemanticWorker.dll",
      "--dependency-bundle",
      "/Users/zakkeown/Code/moedex/.local/holdout-quartz/bundle",
      "--restore-offline",
      "--workspace",
      "/Users/zakkeown/Code/moedex/.local/project-analyzers/fixture-multi/release/workspace",
      "--output",
      "/Users/zakkeown/Code/moedex/.local/project-analyzers/fixture-multi/release/project.semantic",
      "--timeout",
      "2m"
    ],
    "returncode": 0,
    "generated_value": 84,
    "analyzer_hash_verified": true,
    "publication": true,
    "tampered_analyzer_rejected": true,
    "artifact_sha256": "1f98857d152f3774cdbd8c6dca8403d0efbac089649c9d13947b91ebefc29571"
  },
  {
    "name": "broken-generator",
    "argv": [
      "/Users/zakkeown/Code/moedex/.local/project-analyzers/moedex",
      "semantic",
      "capture",
      "--checkout",
      "/Users/zakkeown/Code/moedex/.local/project-analyzers/fixture-multi/corpus/Fixture",
      "--repo",
      "Fixture",
      "--commit",
      "c3e33d41ac3bf880fa1ee1cc4909b71386f9abfa",
      "--origin",
      "https://example.com/Fixture.git",
      "--project",
      "App/App.csproj",
      "--framework",
      "net10.0",
      "--configuration",
      "Debug",
      "--dotnet",
      "/Users/zakkeown/Code/moedex/.local/holdout-cleanarchitecture/dotnet/dotnet",
      "--sdk-path",
      "/Users/zakkeown/Code/moedex/.local/holdout-cleanarchitecture/dotnet/sdk/10.0.401",
      "--worker",
      "/Users/zakkeown/Code/moedex/.local/project-analyzers/worker/bin/Debug/net10.0/Moedex.SemanticWorker.dll",
      "--dependency-bundle",
      "/Users/zakkeown/Code/moedex/.local/holdout-quartz/bundle",
      "--restore-offline",
      "--workspace",
      "/Users/zakkeown/Code/moedex/.local/project-analyzers/fixture-multi/broken-generator/workspace",
      "--output",
      "/Users/zakkeown/Code/moedex/.local/project-analyzers/fixture-multi/broken-generator/project.semantic",
      "--timeout",
      "2m"
    ],
    "returncode": 1
  },
  {
    "name": "missing-analyzer",
    "argv": [
      "/Users/zakkeown/Code/moedex/.local/project-analyzers/moedex",
      "semantic",
      "capture",
      "--checkout",
      "/Users/zakkeown/Code/moedex/.local/project-analyzers/fixture-multi/corpus/Fixture",
      "--repo",
      "Fixture",
      "--commit",
      "b56a99fee27f13e94529fbfa247a92f2756db451",
      "--origin",
      "https://example.com/Fixture.git",
      "--project",
      "App/App.csproj",
      "--framework",
      "net10.0",
      "--configuration",
      "Debug",
      "--dotnet",
      "/Users/zakkeown/Code/moedex/.local/holdout-cleanarchitecture/dotnet/dotnet",
      "--sdk-path",
      "/Users/zakkeown/Code/moedex/.local/holdout-cleanarchitecture/dotnet/sdk/10.0.401",
      "--worker",
      "/Users/zakkeown/Code/moedex/.local/project-analyzers/worker/bin/Debug/net10.0/Moedex.SemanticWorker.dll",
      "--dependency-bundle",
      "/Users/zakkeown/Code/moedex/.local/holdout-quartz/bundle",
      "--restore-offline",
      "--workspace",
      "/Users/zakkeown/Code/moedex/.local/project-analyzers/fixture-multi/missing-analyzer/workspace",
      "--output",
      "/Users/zakkeown/Code/moedex/.local/project-analyzers/fixture-multi/missing-analyzer/project.semantic",
      "--timeout",
      "2m"
    ],
    "returncode": 1
  }
]
